
> pdf-manipulator@0.1.0 build
> react-scripts build

Creating an optimized production build...
Browserslist: browsers data (caniuse-lite) is 10 months old. Please run:
  npx update-browserslist-db@latest
  Why you should do it regularly: https://github.com/browserslist/update-db#readme
Browserslist: browsers data (caniuse-lite) is 10 months old. Please run:
  npx update-browserslist-db@latest
  Why you should do it regularly: https://github.com/browserslist/update-db#readme
Compiled with warnings.

[eslint] 
src/components/DiamondQuestGame.jsx
  Line 10:7:   'TILE_COLOR' is assigned a value but never used  no-unused-vars
  Line 46:10:  'message' is assigned a value but never used     no-unused-vars

src/components/ImageCompressor.jsx
  Line 43:6:  React Hook useEffect has a missing dependency: 'testServerConnection'. Either include it or remove the dependency array  react-hooks/exhaustive-deps

src/components/OCRProcessor.jsx
  Line 11:3:  'AlertCircle' is defined but never used  no-unused-vars

src/components/PDFCompressor.jsx
  Line 10:3:   'XCircle' is defined but never used                    no-unused-vars
  Line 15:3:   'Sparkles' is defined but never used                   no-unused-vars
  Line 17:3:   'Settings' is defined but never used                   no-unused-vars
  Line 18:3:   'BarChart3' is defined but never used                  no-unused-vars
  Line 20:3:   'FileDown' is defined but never used                   no-unused-vars
  Line 44:9:   'handleFileChange' is assigned a value but never used  no-unused-vars
  Line 231:9:  'selectedLevel' is assigned a value but never used     no-unused-vars

src/components/PDFLinkRemover.jsx
  Line 1:48:    'useEffect' is defined but never used                  no-unused-vars
  Line 4:76:    'X' is defined but never used                          no-unused-vars
  Line 139:9:   'handleFileChange' is assigned a value but never used  no-unused-vars
  Line 206:11:  'modalRoot' is assigned a value but never used         no-unused-vars

src/components/PDFManipulator.jsx
  Line 9:3:     'Trash2' is defined but never used                                                                                                                                                                                                                                     no-unused-vars
  Line 10:3:    'GripVertical' is defined but never used                                                                                                                                                                                                                               no-unused-vars
  Line 12:3:    'XCircle' is defined but never used                                                                                                                                                                                                                                    no-unused-vars
  Line 210:19:  The ref value 'pdfCacheRef.current' will likely have changed by the time this effect cleanup function runs. If this ref points to a node rendered by React, copy 'pdfCacheRef.current' to a variable inside the effect, and use that variable in the cleanup function  react-hooks/exhaustive-deps
  Line 215:6:   React Hook useEffect has a missing dependency: 'pages'. Either include it or remove the dependency array                                                                                                                                                               react-hooks/exhaustive-deps
  Line 260:5:   React Hook useCallback has an unnecessary dependency: 'pages'. Either exclude it or remove the dependency array                                                                                                                                                        react-hooks/exhaustive-deps
  Line 580:45:  Function declared in a loop contains unsafe references to variable(s) 'cumulativePagesProcessed', 'cumulativePagesProcessed'                                                                                                                                           no-loop-func

src/components/PDFToWordConverter.jsx
  Line 11:3:  'AlertCircle' is defined but never used  no-unused-vars

src/components/PDFUnlocker.jsx
  Line 17:10:  'backendWarm' is assigned a value but never used  no-unused-vars

src/components/WordToPDFConverter.jsx
  Line 11:3:   'AlertCircle' is defined but never used                                                                                no-unused-vars
  Line 103:6:  React Hook useCallback has a missing dependency: 'supportedFormats'. Either include it or remove the dependency array  react-hooks/exhaustive-deps

src/pages/PDFTool.jsx
  Line 5:49:  'CheckCircle' is defined but never used  no-unused-vars

Search for the keywords to learn more about each warning.
To ignore, add // eslint-disable-next-line to the line before.

File sizes after gzip:

  565.02 kB  build/static/js/main.ebfd7713.js
  12.01 kB   build/static/css/main.c91694bc.css

The bundle size is significantly larger than recommended.
Consider reducing it with code splitting: https://goo.gl/9VhYWB
You can also analyze the project dependencies: https://goo.gl/LeUzfb

The project was built assuming it is hosted at /.
You can control this with the homepage field in your package.json.

The build folder is ready to be deployed.
You may serve it with a static server:

  npm install -g serve
  serve -s build

Find out more about deployment here:

  https://cra.link/deployment

